pandu@DESKTOP-9QPF49Q MINGW64 ~/Desktop/k/Assignments (master)
$ git branch css-assignments

pandu@DESKTOP-9QPF49Q MINGW64 ~/Desktop/k/Assignments (master)
$ git checkout css-assignments
Switched to branch 'css-assignments'

pandu@DESKTOP-9QPF49Q MINGW64 ~/Desktop/k/Assignments (css-assignments)
$ git branch
* css-assignments
  master

pandu@DESKTOP-9QPF49Q MINGW64 ~/Desktop/k/Assignments (css-assignments)
$ git status
On branch css-assignments
Untracked files:
  (use "git add <file>..." to include in what will be committed)
        css1.css
        css2.css

nothing added to commit but untracked files present (use "git add" to track)

pandu@DESKTOP-9QPF49Q MINGW64 ~/Desktop/k/Assignments (css-assignments)
$ git add *.css

pandu@DESKTOP-9QPF49Q MINGW64 ~/Desktop/k/Assignments (css-assignments)
$ git commit -m "added css"
[css-assignments 0847d9c] added css
 2 files changed, 8 insertions(+)
 create mode 100644 css1.css
 create mode 100644 css2.css

pandu@DESKTOP-9QPF49Q MINGW64 ~/Desktop/k/Assignments (css-assignments)
$ git status
On branch css-assignments
Changes not staged for commit:
  (use "git add <file>..." to update what will be committed)
  (use "git restore <file>..." to discard changes in working directory)
        modified:   README.txt

no changes added to commit (use "git add" and/or "git commit -a")

pandu@DESKTOP-9QPF49Q MINGW64 ~/Desktop/k/Assignments (css-assignments)
$ git add *.txt

pandu@DESKTOP-9QPF49Q MINGW64 ~/Desktop/k/Assignments (css-assignments)
$ git status
On branch css-assignments
Changes to be committed:
  (use "git restore --staged <file>..." to unstage)
        modified:   README.txt


pandu@DESKTOP-9QPF49Q MINGW64 ~/Desktop/k/Assignments (css-assignments)
$ git commit -m "modified readme file in css"
[css-assignments 183e382] modified readme file in css
 1 file changed, 1 insertion(+), 1 deletion(-)

pandu@DESKTOP-9QPF49Q MINGW64 ~/Desktop/k/Assignments (css-assignments)
$ git checkout master
Switched to branch 'master'

pandu@DESKTOP-9QPF49Q MINGW64 ~/Desktop/k/Assignments (master)
$ git branch
  css-assignments
* master

pandu@DESKTOP-9QPF49Q MINGW64 ~/Desktop/k/Assignments (master)
$ git status
On branch master
Changes not staged for commit:
  (use "git add <file>..." to update what will be committed)
  (use "git restore <file>..." to discard changes in working directory)
        modified:   README.txt

no changes added to commit (use "git add" and/or "git commit -a")

pandu@DESKTOP-9QPF49Q MINGW64 ~/Desktop/k/Assignments (master)
$ git add *.txt

pandu@DESKTOP-9QPF49Q MINGW64 ~/Desktop/k/Assignments (master)
$ git commit -m "modified readme file in master"
[master 4628281] modified readme file in master
 1 file changed, 1 insertion(+), 1 deletion(-)

pandu@DESKTOP-9QPF49Q MINGW64 ~/Desktop/k/Assignments (master)
$ git checkout css-assignments
Switched to branch 'css-assignments'

pandu@DESKTOP-9QPF49Q MINGW64 ~/Desktop/k/Assignments (css-assignments)
$ git branch
* css-assignments
  master

pandu@DESKTOP-9QPF49Q MINGW64 ~/Desktop/k/Assignments (css-assignments)
$ git status
On branch css-assignments
Changes not staged for commit:
  (use "git add <file>..." to update what will be committed)
  (use "git restore <file>..." to discard changes in working directory)
        modified:   css1.css

no changes added to commit (use "git add" and/or "git commit -a")

pandu@DESKTOP-9QPF49Q MINGW64 ~/Desktop/k/Assignments (css-assignments)
$ git add *.css

pandu@DESKTOP-9QPF49Q MINGW64 ~/Desktop/k/Assignments (css-assignments)
$ git commit -m "modified css file in css branch"
[css-assignments c59f26f] modified css file in css branch
 1 file changed, 1 insertion(+), 1 deletion(-)

pandu@DESKTOP-9QPF49Q MINGW64 ~/Desktop/k/Assignments (css-assignments)
$ git checkout master
Switched to branch 'master'

pandu@DESKTOP-9QPF49Q MINGW64 ~/Desktop/k/Assignments (master)
$ git merge css-assignments
Auto-merging README.txt
Merge made by the 'ort' strategy.
 README.txt | 2 +-
 css1.css   | 4 ++++
 css2.css   | 4 ++++
 3 files changed, 9 insertions(+), 1 deletion(-)
 create mode 100644 css1.css
 create mode 100644 css2.css

pandu@DESKTOP-9QPF49Q MINGW64 ~/Desktop/k/Assignments (master)
$ ls
README.txt  css1.css  css2.css  html1.html  index.html

pandu@DESKTOP-9QPF49Q MINGW64 ~/Desktop/k/Assignments (master)
$ git branch -d css-assignments
Deleted branch css-assignments (was c59f26f).
